Running <root>/all_constructs.cli ...

printf "a\nb\nc\n"
---
a
b
c
---
✅ OK

printf "a\nb\nc\n"
---
a
b
c
---
✅ OK

printf "a\nb\nc\n"
---
a
b
c
---
✅ OK

printf "a\nb\nc\n"
---
a
b
c
---
✅ OK

printf "a\nWARNING: UH OH\nb\nc\n"
---
a
WARNING: UH OH
b
c
---
✅ OK

printf "hello\nworld\n"
---
hello
world
---
✅ OK

<root>/all_constructs.cli PASSED
