Running <root>/ansi.cli ...

printf "\e[31mHello, world\e[0m\n"
---
Hello, world
---
✅ OK

printf "\e[31mHello, world\e[0m\n"
---
Hello, world
---
✅ OK

printf "\e[31mHello, world\e[0m\n"
---
Hello, world
---
✅ OK

set ANSI_COLORED ␛[31mHello, world␛[0m

printf "$ANSI_COLORED\n"
---
Hello, world
---
✅ OK

printf "$ANSI_COLORED\n"
---
Hello, world
---
✅ OK

<root>/ansi.cli PASSED
