Running <root>/any.cli ...
printf "a\nb\nc\n"
---
a
b
c
---
✅ OK

printf "a\nb\nc\n"
---
a
b
c
---
✅ OK

printf "a\nb\nc\n"
---
a
b
c
---
✅ OK

printf "a\nb\nc\n"
---
a
b
c
---
✅ OK

printf "a\nb\nc\n"
---
a
b
c
---
✅ OK

printf "a\nb\nc\n"
---
a
b
c
---
✅ OK

printf "a\nb\nc\nd\ne\n"
---
a
b
c
d
e
---
✅ OK

printf "start\n1\n2\nend\nstart\n1\n2\nend\n"
---
start
1
2
end
start
1
2
end
---
✅ OK

<root>/any.cli PASSED
