Running tests/v0/background.cli ...

using tempdir: <tmp>

set TEMP_FILE background.log

sleep .2 && cat $TEMP_FILE
---
background
---
✅ OK

(background) printf "background\n" >> $TEMP_FILE && sleep 10 && printf "background\n" >> $TEMP_FILE
---
(no output)
---
✅ OK (signal: 1 (SIGHUP))

(cleanup) removing <tmp> && cd <root>

tests/v0/background.cli PASSED
1 test(s) passed
