Running <root>/background_early_exit.cli ...
sleep .1
---
(no output)
---
✅ OK

(background) printf "hi\n"
---
hi
---
✅ OK

<root>/background_early_exit.cli PASSED
