Running <root>/capture.cli ...

echo "Hello, world!\nGoodbye, world!"
---
Hello, world!
Goodbye, world!
---
✅ OK

echo "Hello, world!"
---
Hello, world!
---
✅ OK

echo "Hello, Earth!"
---
Hello, Earth!
---
✅ OK

echo "Hello, $CAPTURED_WORD!"; echo "Goodbye, Earth!"
---
Hello, world!
Goodbye, Earth!
---
✅ OK

<root>/capture.cli PASSED