Running <root>/defer.cli ...

mktemp -d
---
<tmp>
---
✅ OK

(deferred) rm -rf $TEMP_DIR
---
(no output)
---
✅ OK

<root>/defer.cli PASSED
