Running <root>/empty2.cli ...

<root>/empty2.cli PASSED
