Running <root>/empty.cli ...
<root>/empty.cli PASSED
