Running <root>/empty3.cli ...

<root>/empty3.cli PASSED
