Running <root>/errors.cli ...

exit 1
---
(no output)
---
✅ OK (exit status: 1)

exit 1
---
(no output)
---
✅ OK (exit status: 1)

exit 0
---
(no output)
---
✅ OK

printf "a\n"
---
a
---
✅ OK

<root>/errors.cli PASSED
