Running <root>/exit.cli ...

exiting script

<root>/exit.cli PASSED
