Running <root>/file_system.cli ...
using tempdir: <tmp>

mkdir "testing-dir"
---
(no output)
---
✅ OK

ls -a1
---
.
..
testing-dir
---
✅ OK

printf "hello world\n" > testing-dir/file1
---
(no output)
---
✅ OK

printf "world\n" > testing-dir/file2
---
(no output)
---
✅ OK

ls -a1 testing-dir
---
.
..
file1
file2
---
✅ OK

ls -1 "testing-dir/"*
---
testing-dir/file1
testing-dir/file2
---
✅ OK

ls -a1 testing-dir
---
.
..
file1
file2
---
✅ OK

ls -a1 testing-dir 1>&2
---
.
..
file1
file2
---
✅ OK

(cleanup) removing <tmp> && cd <root>

<root>/file_system.cli PASSED
