Running <root>/if_pattern.cli ...

<ignore>
---
<ignore>
---
✅ OK

<ignore>
---
<ignore>
---
✅ OK

<root>/if_pattern.cli PASSED
