Running <root>/include.cli ...

set FROM_INCLUDED from included

echo $FROM_INCLUDED
---
from included
---
✅ OK

echo "reject"
---
reject
---
✅ OK

echo "hello"
---
hello
---
✅ OK

<root>/include.cli PASSED
