Running <root>/path_with_spaces.cli ...

printf "Path: /AAAAA/BBBBB/CCCCC/DDDDDDDDDDDDDD EEEEEEEEEEEEEEEEEEEEEEEE/\n"
---
Path: /AAAAA/BBBBB/CCCCC/DDDDDDDDDDDDDD EEEEEEEEEEEEEEEEEEEEEEEE/
---
âœ… OK

<root>/path_with_spaces.cli PASSED
1 test(s) passed
