Running tests/v0/reject.cli ...

printf "Hello, world!\n"
---
Hello, world!
---
âœ… OK

tests/v0/reject.cli PASSED
1 test(s) passed
