Running <root>/set.cli ...

set FOO bar

echo $FOO
---
bar
---
✅ OK

set A 1

set B 2

set FOO 1 2

echo $FOO
---
1 2
---
✅ OK

set VAR a\\b

echo $VAR
---
a\\b
---
✅ OK

set VAR a\n

echo $VAR
---
a\n
---
✅ OK

set VAR a$b

echo $VAR
---
a$b
---
✅ OK

set VAR a\$b

echo $VAR
---
a\$b
---
✅ OK

set VAR test

set VAR test2

echo $VAR
---
test2
---
✅ OK

echo $VAR
---
test2
---
✅ OK

<root>/set.cli PASSED
