Running <root>/timeout.cli ...

echo "Goodnight, forever!" && sleep 60
---
Goodnight, forever!
Process took too long!
---
âœ… OK (timed out)

<root>/timeout.cli PASSED
