Running <root>/using_tempdir.cli ...

using tempdir: <tmp>

using new dir: <tmp>/subdir

touch foo
---
(no output)
---
✅ OK

cd ..

find .
---
.
./subdir
./subdir/foo
---
✅ OK

(cleanup) removing <tmp>/subdir && cd <tmp>

(deferred) echo "cleaning up"
---
cleaning up
---
✅ OK

(cleanup) removing <tmp> && cd <root>

<root>/using_tempdir.cli PASSED
