Running <root>/background.cli ...

printf "hi\n"
---
hi
---
✅ OK

(background) exit 1
---
(no output)
---
❌ FAIL: exit status: 1
 → exit 1

<root>/background.cli FAILED
Error: exit status: 1

1/1 test(s) failed
