Running <root>/exit_fail.cli ...
exit 1
---
(no output)
---
❌ FAIL: exit status: 1
 → exit 1

<root>/exit_fail.cli FAILED
Error: exit status: 1

