Running <root>/expect_mismatch.cli ...

printf "hello\n"
---
hello
---
❌ FAIL (output shouldn't match)
 → printf "hello\n"

<root>/expect_mismatch.cli FAILED
Error: expected failure, but passed

1/1 test(s) failed
