Running <root>/foreground.cli ...

exit 1
---
(no output)
---
❌ FAIL: exit status: 1
 → exit 1

(background) printf "hi\n"
---
hi
---
✅ OK

<root>/foreground.cli FAILED
Error: exit status: 1

