Running <root>/no_match.cli ...

printf "hello\n"
---
hello
---
ERROR: pattern literal at line <root>/no_match.cli:4 does not match output line "hello"
matching Sequence([Literal(bye), End])
  matching Literal(bye)
  literal FAILED match: "hello" == "bye"

‚ùå FAIL

<root>/no_match.cli FAILED
Error: pattern literal at line <root>/no_match.cli:4 does not match output line "hello"

1/1 test(s) failed
