Running <root>/not.cli ...

printf "goodbye\nworld\n"
---
goodbye
world
---
ERROR: pattern not at line <root>/not.cli:4 does not match output line "goodbye"
matching Sequence([Not(Literal(goodbye)), Literal(hello), Literal(world), End])
  matching Not(Literal(goodbye))
    matching Literal(goodbye)
    literal match: "goodbye" == "goodbye"

‚ùå FAIL

<root>/not.cli FAILED
Error: pattern not at line <root>/not.cli:4 does not match output line "goodbye"

